

================================================================
== Vivado HLS Report for 'image_filter_borderInterpolate'
================================================================
* Date:           Thu Jun 23 12:19:07 2016

* Version:        2014.4 (Build 1071461 on Tue Nov 18 16:42:57 PM 2014)
* Project:        text_isolation_ip
* Solution:       solution1
* Product family: zynq
* Target device:  xc7z020clg484-1


================================================================
== Performance Estimates
================================================================
+ Timing (ns): 
    * Summary: 
    +---------+-------+----------+------------+
    |  Clock  | Target| Estimated| Uncertainty|
    +---------+-------+----------+------------+
    |default  |  10.00|      7.82|        1.25|
    +---------+-------+----------+------------+

+ Latency (clock cycles): 
    * Summary: 
    +-----+-----+-----+-----+----------+
    |  Latency  |  Interval | Pipeline |
    | min | max | min | max |   Type   |
    +-----+-----+-----+-----+----------+
    |    1|    1|    1|    1| function |
    +-----+-----+-----+-----+----------+

    + Detail: 
        * Instance: 
        N/A

        * Loop: 
        N/A



================================================================
== Utilization Estimates
================================================================
* Summary: 
+-----------------+---------+-------+--------+-------+
|       Name      | BRAM_18K| DSP48E|   FF   |  LUT  |
+-----------------+---------+-------+--------+-------+
|Expression       |        -|      -|       0|    141|
|FIFO             |        -|      -|       -|      -|
|Instance         |        -|      -|       -|      -|
|Memory           |        -|      -|       -|      -|
|Multiplexer      |        -|      -|       -|      -|
|Register         |        -|      -|      28|      -|
+-----------------+---------+-------+--------+-------+
|Total            |        0|      0|      28|    141|
+-----------------+---------+-------+--------+-------+
|Available        |      280|    220|  106400|  53200|
+-----------------+---------+-------+--------+-------+
|Utilization (%)  |        0|      0|   ~0   |   ~0  |
+-----------------+---------+-------+--------+-------+

+ Detail: 
    * Instance: 
    N/A

    * Memory: 
    N/A

    * FIFO: 
    N/A

    * Expression: 
    +-----------------------------+----------+-------+---+----+------------+------------+
    |        Variable Name        | Operation| DSP48E| FF| LUT| Bitwidth P0| Bitwidth P1|
    +-----------------------------+----------+-------+---+----+------------+------------+
    |tmp_5_fu_121_p2              |     +    |      0|  0|  13|          13|           3|
    |p_assign_1_fu_127_p2         |     -    |      0|  0|  13|          13|          13|
    |p_assign_fu_85_p2            |     -    |      0|  0|  12|           1|          12|
    |ap_return                    |  Select  |      0|  0|  13|           1|          13|
    |newSel9_fu_157_p3            |  Select  |      0|  0|  13|           1|          13|
    |newSel_fu_175_p3             |  Select  |      0|  0|  12|           1|          12|
    |p_p2_fu_91_p3                |  Select  |      0|  0|  12|           1|          12|
    |or_cond_82_fu_61_p2          |    and   |      0|  0|   1|           1|           1|
    |sel_tmp2_fu_145_p2           |    and   |      0|  0|   1|           1|           1|
    |sel_tmp7_fu_170_p2           |    and   |      0|  0|   1|           1|           1|
    |tmp_1_fu_71_p2               |   icmp   |      0|  0|  13|          11|           1|
    |tmp_3_fu_103_p2              |   icmp   |      0|  0|  14|          12|          12|
    |tmp_s_fu_55_p2               |   icmp   |      0|  0|  14|          12|          12|
    |or_cond_fu_186_p2            |    or    |      0|  0|   1|           1|           1|
    |sel_tmp1_fu_139_p2           |    or    |      0|  0|   1|           1|           1|
    |sel_tmp6_demorgan_fu_151_p2  |    or    |      0|  0|   1|           1|           1|
    |rev_fu_45_p2                 |    xor   |      0|  0|   2|           1|           2|
    |sel_tmp6_fu_165_p2           |    xor   |      0|  0|   2|           1|           2|
    |tmp_not_fu_133_p2            |    xor   |      0|  0|   2|           1|           2|
    +-----------------------------+----------+-------+---+----+------------+------------+
    |Total                        |          |      0|  0| 141|          75|         115|
    +-----------------------------+----------+-------+---+----+------------+------------+

    * Multiplexer: 
    N/A

    * Register: 
    +---------------------------+----+----+-----+-----------+
    |            Name           | FF | LUT| Bits| Const Bits|
    +---------------------------+----+----+-----+-----------+
    |newSel9_reg_218            |  13|   0|   13|          0|
    |p_p2_reg_198               |  12|   0|   12|          0|
    |sel_tmp2_reg_208           |   1|   0|    1|          0|
    |sel_tmp6_demorgan_reg_213  |   1|   0|    1|          0|
    |tmp_3_reg_203              |   1|   0|    1|          0|
    +---------------------------+----+----+-----+-----------+
    |Total                      |  28|   0|   28|          0|
    +---------------------------+----+----+-----+-----------+



================================================================
== Interface
================================================================
* Summary: 
+-----------+-----+-----+------------+--------------------------------+--------------+
| RTL Ports | Dir | Bits|  Protocol  |          Source Object         |    C Type    |
+-----------+-----+-----+------------+--------------------------------+--------------+
|ap_clk     |  in |    1| ap_ctrl_hs | image_filter_borderInterpolate | return value |
|ap_rst     |  in |    1| ap_ctrl_hs | image_filter_borderInterpolate | return value |
|ap_return  | out |   13| ap_ctrl_hs | image_filter_borderInterpolate | return value |
|ap_ce      |  in |    1| ap_ctrl_hs | image_filter_borderInterpolate | return value |
|p          |  in |   12|   ap_none  |                p               |    scalar    |
|len        |  in |   11|   ap_none  |               len              |    scalar    |
+-----------+-----+-----+------------+--------------------------------+--------------+

